// Jest Snapshot v1, https://goo.gl/fbAQLP

exports[`App renders RelatedItems component 1`] = `
<div>
  <RelatedItems />
</div>
`;

exports[`App should render correctly in "debug" mode 1`] = `
<div>
  <RelatedItems />
</div>
`;

exports[`App should render correctly with no props 1`] = `
<div>
  <RelatedItems />
</div>
`;
